
ASEM-51 V1.3                                         Copyright (c) 2002 by W.W. Heinz                                         PAGE 1





       MCS-51 Family Macro Assembler   A S E M - 5 1   V 1.3
       =====================================================



	Source File:	zad4.asm
	Object File:	zad4.hex
	List File:	zad4.lst



 Line  I  Addr  Code            Source

    1:				$ NOMOD51
    2:				$ INCLUDE (8051_mgraniczka.MCU)
    3: 1			; Plik w³asnych definicji
    4: 1			; Micha³ Graniczka
    5: 1			; ==========================
    6: 1
    7: 1	N	 97	_LED		BIT	097h
    8: 1	N	 96	_WYSW		BIT	096h
    9: 1	N	 30	_COUNTER	DATA	030h
   10: 1	N	 31	_W1_VAL		DATA	031h
   11: 1	N	 32	_W2_VAL		DATA	032h
   12: 1	N	 33	_W3_VAL		DATA	033h
   13: 1	N	 34	_ID_WSK		DATA	034h
   14: 1	N	 35	_SEC		DATA	035h
   15: 1	N	 88	TCON		DATA	088H
   16: 1	N	 89	TMOD		DATA	089H
   17: 1	N	 8A	TL0		DATA	08AH
   18: 1	N	 8C	TH0		DATA	08CH
   19: 1	N	 A8	IE		DATA	0A8H
   20:
   21:		N      4BFF	T0_VAL EQU (65535-46080)
   22:		N      00FF	TL0_VAL EQU (T0_VAL mod 256)
   23:		N      004B	TH0_VAL EQU (T0_VAL/256)
   24:		N      FF38	CSDB16 EQU 0FF38h
   25:		N      FF30	CSDS16 EQU 0FF30h
   26:
   27:		N      0000	ORG 0000h
   28:	  0000			_RESET:
   29:	  0000	02 01 00		LJMP _INIT
   30:
   31:		N      000B	ORG 0Bh
   32:	  000B			_INT_T0:
   33:	  000B	43 8A FF		ORL TL0,#TL0_VAL
   34:	  000E	75 8C 4B		MOV TH0,#TH0_VAL
   35:	  0011	05 30			INC _COUNTER
   36:
   37:	  0013	32			RETI
   38:
   39:		N      0100	ORG 0100h
   40:	  0100			_INIT:
   41:	  0100	C2 96			CLR _WYSW
   42:	  0102	75 30 00		MOV _COUNTER,#0d
   43:	  0105	75 35 00		MOV _SEC,#0d

ASEM-51 V1.3                                         Copyright (c) 2002 by W.W. Heinz                                         PAGE 2



 Line  I  Addr  Code            Source

   44:	  0108	75 8A FF		MOV TL0,#TL0_VAL
   45:	  010B	75 8C 4B		MOV TH0,#TH0_VAL
   46:	  010E	53 88 CF		ANL TCON,#11001111b
   47:	  0111	53 89 F1		ANL TMOD,#11110001b
   48:	  0114	43 89 01		ORL TMOD,#00000001b
   49:	  0117	43 A8 82		ORL IE,#10000010b
   50:	  011A	43 88 10		ORL TCON,#00010000b
   51:
   52:	  011D	75 34 01		MOV _ID_WSK,#1d
   53:
   54:	  0120	90 FF 30	        MOV DPTR,#CSDS16
   55:	  0123	E5 34			MOV A,_ID_WSK
   56:	  0125	F0			MOVX @DPTR,A
   57:	  0126			_LOOP:
   58:	  0126	E5 30			MOV A,_COUNTER
   59:	  0128	B4 14 47		CJNE A,#20d,_CD
   60:	  012B	75 30 00		MOV _COUNTER,#0d
   61:	  012E	05 35			INC _SEC
   62:	  0130	85 03 31		MOV _W1_VAL,(_SEC mod 10)
   63:	  0133	85 05 32		MOV _W2_VAL,(_SEC/10 mod 10)
   64:	  0136	85 00 33		MOV _W3_VAL,(_SEC/100 mod 10)
   65:	  0139	B2 97			CPL _LED
   66:	  013B			_W1:
   67:	  013B	E5 34			MOV A,_ID_WSK
   68:	  013D	B4 01 09		CJNE A,#1d,_W2
   69:	  0140	90 FF 38		MOV DPTR,#CSDB16
   70:	  0143	E5 31			MOV A,_W1_VAL
   71:	  0145	F0			MOVX @DPTR,A
   72:	  0146	02 01 65		LJMP _W4
   73:	  0149			_W2:
   74:	  0149	E5 34			MOV A,_ID_WSK
   75:	  014B	B4 02 09		CJNE A,#2d,_W3
   76:	  014E	90 FF 38		MOV DPTR,#CSDB16
   77:	  0151	E5 32			MOV A,_W2_VAL
   78:	  0153	F0			MOVX @DPTR,A
   79:	  0154	02 01 65		LJMP _W4
   80:	  0157			_W3:
   81:	  0157	E5 34			MOV A,_ID_WSK
   82:	  0159	B4 04 09		CJNE A,#4d,_W4
   83:	  015C	90 FF 38	        MOV DPTR,#CSDB16
   84:	  015F	E5 33			MOV A,_W3_VAL
   85:	  0161	F0			MOVX @DPTR,A
   86:	  0162	02 01 65		LJMP _W4
   87:	  0165			_W4:
   88:	  0165	E5 34		    	MOV A,_ID_WSK
   89:	  0167	23			RL A
   90:	  0168	F5 34			MOV _ID_WSK,A
   91:	  016A	E5 34		    	MOV A,_ID_WSK
   92:	  016C	B4 08 03		CJNE A,#8d,_CD
   93:	  016F	75 34 01	    	MOV _ID_WSK,#1d
   94:	  0172			_CD:
   95:	  0172	02 01 26		LJMP _LOOP
   96:				END




ASEM-51 V1.3                                         Copyright (c) 2002 by W.W. Heinz                                         PAGE 3





                     register banks used:  ---

                     no errors




ASEM-51 V1.3                                         Copyright (c) 2002 by W.W. Heinz                                         PAGE 4





	       L I S T   O F   S Y M B O L S
	       =============================


SYMBOL				  TYPE     VALUE	LINE
------------------------------------------------------------
??ASEM_51			  NUMBER    8051
??VERSION			  NUMBER    0130
CSDB16				  NUMBER    FF38	  24
CSDS16				  NUMBER    FF30	  25
IE				  DATA	      A8	  19
T0_VAL				  NUMBER    4BFF	  21
TCON				  DATA	      88	  15
TH0				  DATA	      8C	  18
TH0_VAL				  NUMBER    004B	  23
TL0				  DATA	      8A	  17
TL0_VAL				  NUMBER    00FF	  22
TMOD				  DATA	      89	  16
_CD				  CODE	    0172	  94
_COUNTER			  DATA	      30	   9
_ID_WSK				  DATA	      34	  13
_INIT				  CODE	    0100	  40
_INT_T0				  CODE	    000B	  32
_LED				  BIT	      97	   7
_LOOP				  CODE	    0126	  57
_RESET				  CODE	    0000	  28
_SEC				  DATA	      35	  14
_W1				  CODE	    013B	  66
_W1_VAL				  DATA	      31	  10
_W2				  CODE	    0149	  73
_W2_VAL				  DATA	      32	  11
_W3				  CODE	    0157	  80
_W3_VAL				  DATA	      33	  12
_W4				  CODE	    0165	  87
_WYSW				  BIT	      96	   8
