
ASEM-51 V1.3                                         Copyright (c) 2002 by W.W. Heinz                                         PAGE 1





       MCS-51 Family Macro Assembler   A S E M - 5 1   V 1.3
       =====================================================



	Source File:	lb2.asm
	Object File:	lb2.hex
	List File:	lb2.lst



 Line  I  Addr  Code            Source

    1:				$ NOMOD51      ;1
    2:				$ INCLUDE (8051_mgraniczka.MCU)
    3: 1			; Plik w³asnych definicji
    4: 1			; Micha³ Graniczka
    5: 1			; ==========================
    6: 1
    7: 1	N	 90	Port1	DATA	090h;
    8: 1
    9: 1	N	 97	LED	BIT	097h
   10: 1	N	 95	BUZZ	BIT	095h
   11:
   12:		N      0000	ORG 0000h
   13:	  0000			_RESET:
   14:	  0000	02 01 00		LJMP _INIT
   15:
   16:		N      0100	ORG 0100h
   17:	  0100			_INIT:
   18:	  0100	00			NOP
   19:	  0101			_LOOP:
   20:	  0101	C2 95		        CLR Port1.5
   21:	  0103	00		        NOP
   22:	  0104	00		        NOP
   23:	  0105	00		        NOP
   24:	  0106	00		        NOP
   25:	  0107	00		        NOP
   26:	  0108	00		        NOP
   27:	  0109	00		        NOP
   28:	  010A	00		        NOP
   29:	  010B	00		        NOP
   30:	  010C	00		        NOP
   31:	  010D	00		        NOP
   32:	  010E	00		        NOP
   33:	  010F	D2 95			SETB Port1.5
   34:	  0111	00			NOP
   35:	  0112	00		        NOP
   36:	  0113	00		        NOP
   37:	  0114	00		        NOP
   38:	  0115	00		        NOP
   39:	  0116	00		        NOP
   40:	  0117	00		        NOP
   41:	  0118	00		        NOP
   42:	  0119	00		        NOP
   43:	  011A	00		        NOP

ASEM-51 V1.3                                         Copyright (c) 2002 by W.W. Heinz                                         PAGE 2



 Line  I  Addr  Code            Source

   44:	  011B	00		        NOP
   45:	  011C	02 01 01		LJMP _LOOP
   46:				END





                     register banks used:  ---

                     no errors




ASEM-51 V1.3                                         Copyright (c) 2002 by W.W. Heinz                                         PAGE 3





	       L I S T   O F   S Y M B O L S
	       =============================


SYMBOL				  TYPE     VALUE	LINE
------------------------------------------------------------
??ASEM_51			  NUMBER    8051
??VERSION			  NUMBER    0130
BUZZ				  BIT	      95	  10
LED				  BIT	      97	   9
PORT1				  DATA	      90	   7
_INIT				  CODE	    0100	  17
_LOOP				  CODE	    0101	  19
_RESET				  CODE	    0000	  13
